### 日志配置

#### 打印GC的简要信息

-verbose:gc 标准选项

-XX:+PrintGC 实验选项

```verilog
[GC (Allocation Failure)  65536K->8358K(251392K), 0.0119172 secs]
[GC (Metadata GC Threshold)  66057K->10544K(251392K), 0.0133262 secs]
[Full GC (Metadata GC Threshold)  10544K->10053K(178176K), 0.0351379 secs]
[GC (Allocation Failure)  75589K->19680K(178176K), 0.0082053 secs]
[GC (Allocation Failure)  85216K->22589K(215552K), 0.0150202 secs]
GC (Allocation Failure)  125501K->28867K(215552K), 0.0150036 secs]
```

#### 打印GC的详细信息
-XX:+PrintGCDetails

```verilog
[GC (Allocation Failure) [PSYoungGen: 65536K->8249K(76288K)] 65536K->8265K(251392K), 0.0118371 secs] [Times: user=0.02 sys=0.00, real=0.02 secs] 
[GC (Metadata GC Threshold) [PSYoungGen: 59427K->9962K(76288K)] 59443K->9986K(251392K), 0.0198273 secs] [Times: user=0.05 sys=0.00, real=0.01 secs] 
[Full GC (Metadata GC Threshold) [PSYoungGen: 9962K->0K(76288K)] [ParOldGen: 24K->9545K(102912K)] 9986K->9545K(179200K), [Metaspace: 20617K->20617K(1067008K)], 0.0530768 secs] [Times: user=0.11 sys=0.00, real=0.06 secs] 
[GC (Allocation Failure) [PSYoungGen: 65536K->9745K(76288K)] 75081K->19362K(179200K), 0.0076296 secs] [Times: user=0.02 sys=0.00, real=0.02 secs] 
[GC (Allocation Failure) [PSYoungGen: 75281K->10745K(111104K)] 84898K->21898K(214016K), 0.0151206 secs] [Times: user=0.02 sys=0.00, real=0.02 secs] 
[GC (Allocation Failure) [PSYoungGen: 111097K->10720K(111616K)] 122250K->27539K(214528K), 0.0143236 secs] [Times: user=0.09 sys=0.02, real=0.02 secs] 
```

#### 打印CG发生的时间戳

打印距jvm启动时间间距差值时间

-XX:+PrintGCTimeStamps

打印当前系统时间

-XX:+PrintGCDateStamps

```verilog
2.533: [GC (Allocation Failure) [PSYoungGen: 65536K->8249K(76288K)] 65536K->8265K(251392K), 0.0118371 secs] [Times: user=0.02 sys=0.00, real=0.02 secs] 
2.968: [GC (Metadata GC Threshold) [PSYoungGen: 59427K->9962K(76288K)] 59443K->9986K(251392K), 0.0198273 secs] [Times: user=0.05 sys=0.00, real=0.01 secs] 
2.988: [Full GC (Metadata GC Threshold) [PSYoungGen: 9962K->0K(76288K)] [ParOldGen: 24K->9545K(102912K)] 9986K->9545K(179200K), [Metaspace: 20617K->20617K(1067008K)], 0.0530768 secs] [Times: user=0.11 sys=0.00, real=0.06 secs] 
3.673: [GC (Allocation Failure) [PSYoungGen: 65536K->9745K(76288K)] 75081K->19362K(179200K), 0.0076296 secs] [Times: user=0.02 sys=0.00, real=0.02 secs] 
4.493: [GC (Allocation Failure) [PSYoungGen: 75281K->10745K(111104K)] 84898K->21898K(214016K), 0.0151206 secs] [Times: user=0.02 sys=0.00, real=0.02 secs] 
5.267: [GC (Allocation Failure) [PSYoungGen: 111097K->10720K(111616K)] 122250K->27539K(214528K), 0.0143236 secs] [Times: user=0.09 sys=0.02, real=0.02 secs] 
```

#### 打印引用数量和清理时长

-XX:+PrintReferenceGC

```verilog
[GC (Allocation Failure) [SoftReference, 0 refs, 0.0000119 secs][WeakReference, 499 refs, 0.0000370 secs][FinalReference, 1045 refs, 0.0002313 secs][PhantomReference, 0 refs, 0 refs, 0.0000039 secs][JNI Weak Reference, 0.0000290 secs][PSYoungGen: 53456K->4880K(57344K)] 53496K->4928K(253952K), 0.0037199 secs] [Times: user=0.02 sys=0.01, real=0.01 secs] 
```

#### 打印GC前后打印堆信息

-XX:+PrintHeapAtGC

```verilog
{Heap before GC invocations=1 (full 0):
 PSYoungGen      total 76288K, used 65536K [0x000000076af80000, 0x0000000770480000, 0x00000007c0000000)
  eden space 65536K, 100% used [0x000000076af80000,0x000000076ef80000,0x000000076ef80000)
  from space 10752K, 0% used [0x000000076fa00000,0x000000076fa00000,0x0000000770480000)
  to   space 10752K, 0% used [0x000000076ef80000,0x000000076ef80000,0x000000076fa00000)
 ParOldGen       total 175104K, used 0K [0x00000006c0e00000, 0x00000006cb900000, 0x000000076af80000)
  object space 175104K, 0% used [0x00000006c0e00000,0x00000006c0e00000,0x00000006cb900000)
 Metaspace       used 14866K, capacity 15390K, committed 15488K, reserved 1062912K
  class space    used 1989K, capacity 2121K, committed 2176K, reserved 1048576K
2.522: [GC (Allocation Failure) [PSYoungGen: 65536K->8319K(76288K)] 65536K->8335K(251392K), 0.0176434 secs] [Times: user=0.02 sys=0.00, real=0.02 secs] 
Heap after GC invocations=1 (full 0):
 PSYoungGen      total 76288K, used 8319K [0x000000076af80000, 0x0000000770480000, 0x00000007c0000000)
  eden space 65536K, 0% used [0x000000076af80000,0x000000076af80000,0x000000076ef80000)
  from space 10752K, 77% used [0x000000076ef80000,0x000000076f79fd98,0x000000076fa00000)
  to   space 10752K, 0% used [0x000000076fa00000,0x000000076fa00000,0x0000000770480000)
 ParOldGen       total 175104K, used 16K [0x00000006c0e00000, 0x00000006cb900000, 0x000000076af80000)
  object space 175104K, 0% used [0x00000006c0e00000,0x00000006c0e04000,0x00000006cb900000)
 Metaspace       used 14866K, capacity 15390K, committed 15488K, reserved 1062912K
  class space    used 1989K, capacity 2121K, committed 2176K, reserved 1048576K
}
{Heap before GC invocations=2 (full 0):
 PSYoungGen      total 76288K, used 61094K [0x000000076af80000, 0x0000000770480000, 0x00000007c0000000)
  eden space 65536K, 80% used [0x000000076af80000,0x000000076e309a98,0x000000076ef80000)
  from space 10752K, 77% used [0x000000076ef80000,0x000000076f79fd98,0x000000076fa00000)
  to   space 10752K, 0% used [0x000000076fa00000,0x000000076fa00000,0x0000000770480000)
 ParOldGen       total 175104K, used 16K [0x00000006c0e00000, 0x00000006cb900000, 0x000000076af80000)
  object space 175104K, 0% used [0x00000006c0e00000,0x00000006c0e04000,0x00000006cb900000)
 Metaspace       used 20628K, capacity 21192K, committed 21296K, reserved 1067008K
  class space    used 2736K, capacity 2898K, committed 2944K, reserved 1048576K
3.005: [GC (Metadata GC Threshold) [PSYoungGen: 61094K->9842K(76288K)] 61110K->9866K(251392K), 0.0178629 secs] [Times: user=0.05 sys=0.00, real=0.03 secs] 
Heap after GC invocations=2 (full 0):
 PSYoungGen      total 76288K, used 9842K [0x000000076af80000, 0x0000000774480000, 0x00000007c0000000)
  eden space 65536K, 0% used [0x000000076af80000,0x000000076af80000,0x000000076ef80000)
  from space 10752K, 91% used [0x000000076fa00000,0x000000077039c8e8,0x0000000770480000)
  to   space 10752K, 0% used [0x000000076ef80000,0x000000076ef80000,0x000000076fa00000)
 ParOldGen       total 175104K, used 24K [0x00000006c0e00000, 0x00000006cb900000, 0x000000076af80000)
  object space 175104K, 0% used [0x00000006c0e00000,0x00000006c0e06000,0x00000006cb900000)
 Metaspace       used 20628K, capacity 21192K, committed 21296K, reserved 1067008K
  class space    used 2736K, capacity 2898K, committed 2944K, reserved 1048576K
}
{Heap before GC invocations=3 (full 1):
 PSYoungGen      total 76288K, used 9842K [0x000000076af80000, 0x0000000774480000, 0x00000007c0000000)
  eden space 65536K, 0% used [0x000000076af80000,0x000000076af80000,0x000000076ef80000)
  from space 10752K, 91% used [0x000000076fa00000,0x000000077039c8e8,0x0000000770480000)
  to   space 10752K, 0% used [0x000000076ef80000,0x000000076ef80000,0x000000076fa00000)
 ParOldGen       total 175104K, used 24K [0x00000006c0e00000, 0x00000006cb900000, 0x000000076af80000)
  object space 175104K, 0% used [0x00000006c0e00000,0x00000006c0e06000,0x00000006cb900000)
 Metaspace       used 20628K, capacity 21192K, committed 21296K, reserved 1067008K
  class space    used 2736K, capacity 2898K, committed 2944K, reserved 1048576K
3.023: [Full GC (Metadata GC Threshold) [PSYoungGen: 9842K->0K(76288K)] [ParOldGen: 24K->9445K(102400K)] 9866K->9445K(178688K), [Metaspace: 20628K->20628K(1067008K)], 0.0454718 secs] [Times: user=0.03 sys=0.02, real=0.05 secs] 
Heap after GC invocations=3 (full 1):
 PSYoungGen      total 76288K, used 0K [0x000000076af80000, 0x0000000774480000, 0x00000007c0000000)
  eden space 65536K, 0% used [0x000000076af80000,0x000000076af80000,0x000000076ef80000)
  from space 10752K, 0% used [0x000000076fa00000,0x000000076fa00000,0x0000000770480000)
  to   space 10752K, 0% used [0x000000076ef80000,0x000000076ef80000,0x000000076fa00000)
 ParOldGen       total 102400K, used 9445K [0x00000006c0e00000, 0x00000006c7200000, 0x000000076af80000)
  object space 102400K, 9% used [0x00000006c0e00000,0x00000006c1739760,0x00000006c7200000)
 Metaspace       used 20628K, capacity 21192K, committed 21296K, reserved 1067008K
  class space    used 2736K, capacity 2898K, committed 2944K, reserved 1048576K
}
{Heap before GC invocations=4 (full 1):
 PSYoungGen      total 76288K, used 65536K [0x000000076af80000, 0x0000000774480000, 0x00000007c0000000)
  eden space 65536K, 100% used [0x000000076af80000,0x000000076ef80000,0x000000076ef80000)
  from space 10752K, 0% used [0x000000076fa00000,0x000000076fa00000,0x0000000770480000)
  to   space 10752K, 0% used [0x000000076ef80000,0x000000076ef80000,0x000000076fa00000)
 ParOldGen       total 102400K, used 9445K [0x00000006c0e00000, 0x00000006c7200000, 0x000000076af80000)
  object space 102400K, 9% used [0x00000006c0e00000,0x00000006c1739760,0x00000006c7200000)
 Metaspace       used 24468K, capacity 25240K, committed 25600K, reserved 1071104K
  class space    used 3313K, capacity 3512K, committed 3584K, reserved 1048576K
3.743: [GC (Allocation Failure) [PSYoungGen: 65536K->9651K(76288K)] 74981K->19169K(178688K), 0.0071902 secs] [Times: user=0.00 sys=0.00, real=0.00 secs] 
Heap after GC invocations=4 (full 1):
 PSYoungGen      total 76288K, used 9651K [0x000000076af80000, 0x0000000772780000, 0x00000007c0000000)
  eden space 65536K, 0% used [0x000000076af80000,0x000000076af80000,0x000000076ef80000)
  from space 10752K, 89% used [0x000000076ef80000,0x000000076f8ecdd8,0x000000076fa00000)
  to   space 10752K, 0% used [0x0000000771d00000,0x0000000771d00000,0x0000000772780000)
 ParOldGen       total 102400K, used 9517K [0x00000006c0e00000, 0x00000006c7200000, 0x000000076af80000)
  object space 102400K, 9% used [0x00000006c0e00000,0x00000006c174b770,0x00000006c7200000)
 Metaspace       used 24468K, capacity 25240K, committed 25600K, reserved 1071104K
  class space    used 3313K, capacity 3512K, committed 3584K, reserved 1048576K
}
{Heap before GC invocations=5 (full 1):
 PSYoungGen      total 76288K, used 75187K [0x000000076af80000, 0x0000000772780000, 0x00000007c0000000)
  eden space 65536K, 100% used [0x000000076af80000,0x000000076ef80000,0x000000076ef80000)
  from space 10752K, 89% used [0x000000076ef80000,0x000000076f8ecdd8,0x000000076fa00000)
  to   space 10752K, 0% used [0x0000000771d00000,0x0000000771d00000,0x0000000772780000)
 ParOldGen       total 102400K, used 9517K [0x00000006c0e00000, 0x00000006c7200000, 0x000000076af80000)
  object space 102400K, 9% used [0x00000006c0e00000,0x00000006c174b770,0x00000006c7200000)
 Metaspace       used 28330K, capacity 29546K, committed 29696K, reserved 1075200K
  class space    used 3816K, capacity 4059K, committed 4096K, reserved 1048576K
4.466: [GC (Allocation Failure) [PSYoungGen: 75187K->10730K(111616K)] 84705K->21975K(214016K), 0.0111600 secs] [Times: user=0.00 sys=0.02, real=0.02 secs] 
Heap after GC invocations=5 (full 1):
 PSYoungGen      total 111616K, used 10730K [0x000000076af80000, 0x0000000772780000, 0x00000007c0000000)
  eden space 100864K, 0% used [0x000000076af80000,0x000000076af80000,0x0000000771200000)
  from space 10752K, 99% used [0x0000000771d00000,0x000000077277a9b0,0x0000000772780000)
  to   space 10752K, 0% used [0x0000000771280000,0x0000000771280000,0x0000000771d00000)
 ParOldGen       total 102400K, used 11245K [0x00000006c0e00000, 0x00000006c7200000, 0x000000076af80000)
  object space 102400K, 10% used [0x00000006c0e00000,0x00000006c18fb5b0,0x00000006c7200000)
 Metaspace       used 28330K, capacity 29546K, committed 29696K, reserved 1075200K
  class space    used 3816K, capacity 4059K, committed 4096K, reserved 1048576K
}
{Heap before GC invocations=6 (full 1):
 PSYoungGen      total 111616K, used 111594K [0x000000076af80000, 0x0000000772780000, 0x00000007c0000000)
  eden space 100864K, 100% used [0x000000076af80000,0x0000000771200000,0x0000000771200000)
  from space 10752K, 99% used [0x0000000771d00000,0x000000077277a9b0,0x0000000772780000)
  to   space 10752K, 0% used [0x0000000771280000,0x0000000771280000,0x0000000771d00000)
 ParOldGen       total 102400K, used 11245K [0x00000006c0e00000, 0x00000006c7200000, 0x000000076af80000)
  object space 102400K, 10% used [0x00000006c0e00000,0x00000006c18fb5b0,0x00000006c7200000)
 Metaspace       used 31015K, capacity 32462K, committed 32768K, reserved 1077248K
  class space    used 4219K, capacity 4488K, committed 4608K, reserved 1048576K
5.190: [GC (Allocation Failure) [PSYoungGen: 111594K->10742K(112128K)] 122839K->27843K(214528K), 0.0167618 secs] [Times: user=0.08 sys=0.02, real=0.02 secs] 
```

#### 打印应用由于GC而产生的停顿时间

-XX:+PrintGCApplicationStoppedTime

#### 打印应用程序的执行时间

-XX:+PrintGCApplicationConcurrentTime

#### 打印GC Case

-XX:+PrintGCCause

#### 打印对象年龄分布

-XX:+PrintTenuringDistribution

#### 指定GC log的位置

指定GC log的位置，以文件输出

-Xloggc:gc.log

#### 打开或关闭GC日志滚动记录功能

-XX:UseGCLogFileRotation

#### 设置滚动日志文件的个数，必须大于等于1

XX:NumberOfGCLogFiles

#### 设置滚动日志文件的大小，必须大于8k

-XX:GCLogFileSize

### 内存配置

#### 堆大小

初始堆容量

-Xms

最大堆容量

-Xmx

新生代大小

-Xmn

新生代（eden+2*s）和老年代（不包含永久区）的比值

-XX:NewRatio

设置两个Survivor区和eden的比值

-XX:SurvivorRatio

#### 类信息

##### 永久代(JDK7)

初始空间

-XX:PermSize 

最大空间

-XX:MaxPermSize

##### 元空间（JDK1.8）

-XX:MetaspaceSize 

-XX:MaxMetaspaceSize

#### 栈空间

-Xss

#### 直接内存

-XX:MaxDirectMemorySize 

#### 内存溢出输出堆快照

-XX:+HeapDumpOnOutOfMemoryError

#### 堆快照文件路径

-XX:+HeapDumpPath

### 监控类的加载

-XX:+TraceClassLoading